#INFO:
	levelName = "DANGEON";
	levelID = 1;
	author = "Alexandr Tulyakov";
	version = "1,0".
#BRICK_DANGEON:
	0-7,0;
	0,1-5;
	1-7,5;
	7,1-2;
	7,6-13;
	8-19,13;
	19,5-12;
	19,0-2;
	8-18,1;
	14-18,5;
	20-30,0;
	30,1-2;
	31-34,2;
	30-34,5;
	30,6-21;
	13-29,21;
	13,17-20;
	14-27,17;
	19,14-16;
	20-22,10;
	27-29,13;
	20-24,13;
	22-27,5.
#ENT_MONST_FIRE:
	16,4.
#WALL_DANGEON:
	1-6,1;
	1-6,2;
	1-6,3;
	1-6,4;
	7,3-4;
	8-18,2;
	8-18,3;
	8-18,4;
	8-13,5;
	8-18,6;
	8-18,7;
	8-18,8;
	8-18,9;
	8-18,10;
	8-18,11;
	8-18,12;
	19,3-4;
	20-29,1;
	20-29,2;
	20-29,3;
	20-29,4;
	28-29,5;
	20-29,6;
	20-29,7;
	20-29,8;
	20-29,9;
	23-29,10;
	20-29,11;
	20-29,12;
	25-26,13;
	20-29,14;
	20-29,15;
	20-29,16;
	28-29,17;
	20-21,5;
	14-29,18;
	14-29,19;
	14-29,20;
	30-33,3;
	30-33,4.
#PLT_HORIZONTAL_DANGEON:
	speed = 0,2;
	count = 2;
	direction = 1;
	position = 11,5.
#PLT_VERTICAL_DANGEON:
	speed = 0,2;
	count = 4;
	direction = 1;
	position = 20,5.
#PLT_VERTICAL_DANGEON:
	speed = 0,2;
	count = 2;
	direction = 1;
	position = 24,10.
#PLT_VERTICAL_DANGEON:
	speed = 0,2;
	count = 3;
	direction = 1;
	position = 25,13.
#PLT_VERTICAL_DANGEON:
	speed = 0,2;
	count = 3;
	direction = 1;
	position = 29,17.
#FLAME:
	6,4;
	17,4.
#BUTTON:
	target = platform(11,5);
	onceClick = true;
	commandArgs = "move(position[11,4])";
	position = 6,3;
	active = false.
#CONT_CHEST:
	slotWidth = 50;
	slotHeight = 50;
	slotNumber = 15;
	overlayBackground = color(255,215,0,90);
	overlayBorderColor = color(0,0,0,255);
	slotBackground = color(255,255,0,255);
	slotBorderColor = color(0,0,0,255);
	slotHoverColor = color(255,165,0,255);
	slotItemCountColor = color(0,0,255,255);
	tooltipBackground = color(0,0,128,90);
	tooltipBorderColor = color(255,255,255,255);
	tooltipTextColor = color(255,255,255,255);
	overlayWidth = 500;
	overlayHeight = 500;
	position = 2,4;
	#SLOTS:
		0=item("MakarovGun", 3);
		1=item("MakarovGun", 3);
		2=item("MakarovGun", 3);
		3=item("MakarovGun", 3);
		4=item("MakarovGun", 3).
#CONT_VASE:
	slotWidth = 50;
	slotHeight = 50;
	slotNumber = 20;
	overlayBackground = color(255,215,0,90);
	overlayBorderColor = color(0,0,0,255);
	slotBackground = color(255,255,0,255);
	slotBorderColor = color(0,0,0,255);
	slotHoverColor = color(255,165,0,255);
	slotItemCountColor = color(0,0,255,255);
	tooltipBackground = color(0,0,128,90);
	tooltipBorderColor = color(255,255,255,255);
	tooltipTextColor = color(255,255,255,255);
	overlayWidth = 500;
	overlayHeight = 500;
	position = 8,12.